json: error: invalid bracketed lookup string: "[\"foo\" + 42]" (must be of the form ['...'], ["..."], or [`...`])
